============================= test session starts =============================
platform win32 -- Python 3.14.0, pytest-8.3.4, pluggy-1.6.0 -- C:\proyectos\tba\.venv\Scripts\python.exe
cachedir: .pytest_cache
django: version: 5.2.7, settings: core.settings (from ini)
rootdir: C:\proyectos\tba
configfile: pytest.ini
plugins: Faker-33.1.0, cov-6.0.0, django-4.9.0
collecting ... collected 1 item

.\.venv\Scripts\python.exe : Using existing test database for alias 'default' 
('test_capacitacion')...
En línea: 1 Carácter: 1
+ .\.venv\Scripts\python.exe -m pytest .\tests\selenium\test_ui_solicit ...
+ ~~~~~~~~~~~~~~~~~~~~~~~~~~~~~~~~~~~~~~~~~~~~~~~~~~~~~~~~~~~~~~~~~~~~~
    + CategoryInfo          : NotSpecified: (Using existing ...pacitacion')... 
   :String) [], RemoteException
    + FullyQualifiedErrorId : NativeCommandError
 

Using existing test database for alias 'sqlite' 
('file:memorydb_sqlite?mode=memory&cache=shared')...

Not Found: /favicon.ico
Traceback (most recent call last):
  File "C:\proyectos\tba\.venv\Lib\site-packages\django\contrib\staticfiles\han
dlers.py", line 54, in get_response
    return self.serve(request)
           ~~~~~~~~~~^^^^^^^^^
Traceback (most recent call last):
  File "C:\proyectos\tba\.venv\Lib\site-packages\django\contrib\staticfiles\han
dlers.py", line 50, in serve
    return serve(request, self.file_path(request.path), insecure=True)
  File "C:\proyectos\tba\.venv\Lib\site-packages\django\contrib\staticfiles\vie
ws.py", line 38, in serve
    raise Http404("'%s' could not be found" % path)
  File "C:\proyectos\tba\.venv\Lib\site-packages\django\contrib\staticfiles\han
dlers.py", line 54, in get_response
    return self.serve(request)
           ~~~~~~~~~~^^^^^^^^^
django.http.response.Http404: 'lib\popper\popper.min.js' could not be found
  File "C:\proyectos\tba\.venv\Lib\site-packages\django\contrib\staticfiles\han
dlers.py", line 50, in serve
    return serve(request, self.file_path(request.path), insecure=True)
  File "C:\proyectos\tba\.venv\Lib\site-packages\django\contrib\staticfiles\vie
ws.py", line 38, in serve
    raise Http404("'%s' could not be found" % path)
django.http.response.Http404: 'lib\jquery\jquery.min.js' could not be found

During handling of the above exception, another exception occurred:


During handling of the above exception, another exception occurred:

Traceback (most recent call last):
Traceback (most recent call last):
  File 
"C:\proyectos\tba\.venv\Lib\site-packages\django\core\handlers\exception.py", 
line 165, in get_exception_response
    response = callback(request, exception=exception)
  File "C:\proyectos\tba\core\urls.py", line 69, in custom_404
    return render(request, "404.html", status=404)
  File 
"C:\proyectos\tba\.venv\Lib\site-packages\django\core\handlers\exception.py", 
line 165, in get_exception_response
    response = callback(request, exception=exception)
  File "C:\proyectos\tba\.venv\Lib\site-packages\django\shortcuts.py", line 
25, in render
    content = loader.render_to_string(template_name, context, request, 
using=using)
  File "C:\proyectos\tba\core\urls.py", line 69, in custom_404
    return render(request, "404.html", status=404)
  File "C:\proyectos\tba\.venv\Lib\site-packages\django\shortcuts.py", line 
25, in render
    content = loader.render_to_string(template_name, context, request, 
using=using)
  File "C:\proyectos\tba\.venv\Lib\site-packages\django\template\loader.py", 
line 62, in render_to_string
    return template.render(context, request)
           ~~~~~~~~~~~~~~~^^^^^^^^^^^^^^^^^^
  File 
"C:\proyectos\tba\.venv\Lib\site-packages\django\template\backends\django.py", 
line 107, in render
    return self.template.render(context)
           ~~~~~~~~~~~~~~~~~~~~^^^^^^^^^
  File "C:\proyectos\tba\.venv\Lib\site-packages\django\template\base.py", 
line 169, in render
    with context.bind_template(self):
         ~~~~~~~~~~~~~~~~~~~~~^^^^^^
  File "C:\Python314\Lib\contextlib.py", line 141, in __enter__
    return next(self.gen)
  File "C:\proyectos\tba\.venv\Lib\site-packages\django\template\loader.py", 
line 62, in render_to_string
    return template.render(context, request)
           ~~~~~~~~~~~~~~~^^^^^^^^^^^^^^^^^^
  File "C:\proyectos\tba\.venv\Lib\site-packages\django\template\context.py", 
line 259, in bind_template
    context = processor(self.request)
  File 
"C:\proyectos\tba\.venv\Lib\site-packages\django\template\backends\django.py", 
line 107, in render
    return self.template.render(context)
           ~~~~~~~~~~~~~~~~~~~~^^^^^^^^^
  File "C:\proyectos\tba\apps\accounts\context_processors.py", line 15, in 
user_photo
    if request.user and request.user.is_authenticated:
       ^^^^^^^^^^^^
  File "C:\proyectos\tba\.venv\Lib\site-packages\django\template\base.py", 
line 169, in render
    with context.bind_template(self):
         ~~~~~~~~~~~~~~~~~~~~~^^^^^^
  File "C:\Python314\Lib\contextlib.py", line 141, in __enter__
    return next(self.gen)
  File "C:\proyectos\tba\.venv\Lib\site-packages\django\template\context.py", 
line 259, in bind_template
    context = processor(self.request)
AttributeError: 'WSGIRequest' object has no attribute 'user'
  File "C:\proyectos\tba\apps\accounts\context_processors.py", line 15, in 
user_photo
    if request.user and request.user.is_authenticated:
       ^^^^^^^^^^^^

During handling of the above exception, another exception occurred:

AttributeError: 'WSGIRequest' object has no attribute 'user'
Traceback (most recent call last):

During handling of the above exception, another exception occurred:

Traceback (most recent call last):
  File "C:\Python314\Lib\wsgiref\handlers.py", line 137, in run
    self.result = application(self.environ, self.start_response)
                  ~~~~~~~~~~~^^^^^^^^^^^^^^^^^^^^^^^^^^^^^^^^^^^
  File "C:\Python314\Lib\wsgiref\handlers.py", line 137, in run
    self.result = application(self.environ, self.start_response)
                  ~~~~~~~~~~~^^^^^^^^^^^^^^^^^^^^^^^^^^^^^^^^^^^
  File "C:\proyectos\tba\.venv\Lib\site-packages\django\contrib\staticfiles\han
dlers.py", line 81, in __call__
    return super().__call__(environ, start_response)
           ~~~~~~~~~~~~~~~~^^^^^^^^^^^^^^^^^^^^^^^^^
  File "C:\proyectos\tba\.venv\Lib\site-packages\django\contrib\staticfiles\han
dlers.py", line 81, in __call__
    return super().__call__(environ, start_response)
           ~~~~~~~~~~~~~~~~^^^^^^^^^^^^^^^^^^^^^^^^^
  File 
"C:\proyectos\tba\.venv\Lib\site-packages\django\core\handlers\wsgi.py", line 
124, in __call__
    response = self.get_response(request)
  File 
"C:\proyectos\tba\.venv\Lib\site-packages\django\core\handlers\wsgi.py", line 
124, in __call__
    response = self.get_response(request)
  File "C:\proyectos\tba\.venv\Lib\site-packages\django\contrib\staticfiles\han
dlers.py", line 56, in get_response
    return response_for_exception(request, e)
  File "C:\proyectos\tba\.venv\Lib\site-packages\django\contrib\staticfiles\han
dlers.py", line 56, in get_response
    return response_for_exception(request, e)
  File 
"C:\proyectos\tba\.venv\Lib\site-packages\django\core\handlers\exception.py", 
line 68, in response_for_exception
    response = get_exception_response(
        request, get_resolver(get_urlconf()), 404, exc
    )
  File 
"C:\proyectos\tba\.venv\Lib\site-packages\django\core\handlers\exception.py", 
line 68, in response_for_exception
    response = get_exception_response(
        request, get_resolver(get_urlconf()), 404, exc
    )
  File 
"C:\proyectos\tba\.venv\Lib\site-packages\django\core\handlers\exception.py", 
line 168, in get_exception_response
    response = handle_uncaught_exception(request, resolver, sys.exc_info())
  File 
"C:\proyectos\tba\.venv\Lib\site-packages\django\core\handlers\exception.py", 
line 168, in get_exception_response
    response = handle_uncaught_exception(request, resolver, sys.exc_info())
  File 
"C:\proyectos\tba\.venv\Lib\site-packages\django\core\handlers\exception.py", 
line 186, in handle_uncaught_exception
    return callback(request)
  File 
"C:\proyectos\tba\.venv\Lib\site-packages\django\core\handlers\exception.py", 
line 186, in handle_uncaught_exception
    return callback(request)
  File "C:\proyectos\tba\core\urls.py", line 72, in custom_500
    return render(request, "500.html", status=500)
  File "C:\proyectos\tba\core\urls.py", line 72, in custom_500
    return render(request, "500.html", status=500)
  File "C:\proyectos\tba\.venv\Lib\site-packages\django\shortcuts.py", line 
25, in render
    content = loader.render_to_string(template_name, context, request, 
using=using)
  File "C:\proyectos\tba\.venv\Lib\site-packages\django\shortcuts.py", line 
25, in render
    content = loader.render_to_string(template_name, context, request, 
using=using)
  File "C:\proyectos\tba\.venv\Lib\site-packages\django\template\loader.py", 
line 62, in render_to_string
    return template.render(context, request)
           ~~~~~~~~~~~~~~~^^^^^^^^^^^^^^^^^^
  File "C:\proyectos\tba\.venv\Lib\site-packages\django\template\loader.py", 
line 62, in render_to_string
    return template.render(context, request)
           ~~~~~~~~~~~~~~~^^^^^^^^^^^^^^^^^^
  File 
"C:\proyectos\tba\.venv\Lib\site-packages\django\template\backends\django.py", 
line 107, in render
    return self.template.render(context)
           ~~~~~~~~~~~~~~~~~~~~^^^^^^^^^
  File 
"C:\proyectos\tba\.venv\Lib\site-packages\django\template\backends\django.py", 
line 107, in render
    return self.template.render(context)
           ~~~~~~~~~~~~~~~~~~~~^^^^^^^^^
  File "C:\proyectos\tba\.venv\Lib\site-packages\django\template\base.py", 
line 169, in render
    with context.bind_template(self):
         ~~~~~~~~~~~~~~~~~~~~~^^^^^^
  File "C:\proyectos\tba\.venv\Lib\site-packages\django\template\base.py", 
line 169, in render
    with context.bind_template(self):
         ~~~~~~~~~~~~~~~~~~~~~^^^^^^
  File "C:\Python314\Lib\contextlib.py", line 141, in __enter__
    return next(self.gen)
  File "C:\Python314\Lib\contextlib.py", line 141, in __enter__
    return next(self.gen)
  File "C:\proyectos\tba\.venv\Lib\site-packages\django\template\context.py", 
line 259, in bind_template
    context = processor(self.request)
  File "C:\proyectos\tba\.venv\Lib\site-packages\django\template\context.py", 
line 259, in bind_template
    context = processor(self.request)
  File "C:\proyectos\tba\apps\accounts\context_processors.py", line 15, in 
user_photo
    if request.user and request.user.is_authenticated:
       ^^^^^^^^^^^^
  File "C:\proyectos\tba\apps\accounts\context_processors.py", line 15, in 
user_photo
    if request.user and request.user.is_authenticated:
       ^^^^^^^^^^^^
AttributeError: 'WSGIRequest' object has no attribute 'user'
AttributeError: 'WSGIRequest' object has no attribute 'user'
[10/Mar/2026 23:13:51,889] - Broken pipe from ('127.0.0.1', 64684)
[10/Mar/2026 23:13:51,890] - Broken pipe from ('127.0.0.1', 59293)
[10/Mar/2026 23:13:51,890] - Broken pipe from ('127.0.0.1', 50852)
[10/Mar/2026 23:13:51,890] - Broken pipe from ('127.0.0.1', 60758)
[10/Mar/2026 23:13:51,890] - Broken pipe from ('127.0.0.1', 49771)
[10/Mar/2026 23:13:51,890] - Broken pipe from ('127.0.0.1', 63965)
tests/selenium/test_ui_solicitudes_detallado.py::TestFlujoUISolicitudes::test_flujo_solicitante_y_aprobador FAILED

================================== FAILURES ===================================
__________ TestFlujoUISolicitudes.test_flujo_solicitante_y_aprobador __________
tests\selenium\test_ui_solicitudes_detallado.py:149: in test_flujo_solicitante_y_aprobador
    raise e
tests\selenium\test_ui_solicitudes_detallado.py:87: in test_flujo_solicitante_y_aprobador
    assert solicitud_db is not None, "La solicitud no se guard¾ en BD"
E   AssertionError: La solicitud no se guard¾ en BD
E   assert None is not None
------------------------------ Captured log call ------------------------------
WARNING  django.request:log.py:253 Not Found: /favicon.ico
============================== warnings summary ===============================
tests/selenium/test_ui_solicitudes_detallado.py::TestFlujoUISolicitudes::test_flujo_solicitante_y_aprobador
  C:\proyectos\tba\.venv\Lib\site-packages\django\db\models\fields\__init__.py:1148: RemovedInDjango60Warning: The default scheme will be changed from 'http' to 'https' in Django 6.0. Pass the forms.URLField.assume_scheme argument to silence this warning, or set the FORMS_URLFIELD_ASSUME_HTTPS transitional setting to True to opt into using 'https' as the new default scheme.
    return form_class(**defaults)

-- Docs: https://docs.pytest.org/en/stable/how-to/capture-warnings.html
=========================== short test summary info ===========================
FAILED tests/selenium/test_ui_solicitudes_detallado.py::TestFlujoUISolicitudes::test_flujo_solicitante_y_aprobador - AssertionError: La solicitud no se guard¾ en BD
assert None is not None
======================== 1 failed, 1 warning in 12.13s ========================
